// Jest Snapshot v1, https://goo.gl/fbAQLP

exports[`renders ./components/badge/demo/basic.md correctly 1`] = `
<div>
  <span
    class="ant-badge"
  >
    <a
      class="head-example"
      href="#"
    />
    <sup
      class="ant-scroll-number ant-badge-count"
      data-show="true"
      title="5"
    >
      <span
        class="ant-scroll-number-only"
        style="transition:none;-ms-transform:translateY(-1500%);-webkit-transform:translateY(-1500%);transform:translateY(-1500%)"
      >
        <p
          class=""
        >
          0
        </p>
        <p
          class=""
        >
          1
        </p>
        <p
          class=""
        >
          2
        </p>
        <p
          class=""
        >
          3
        </p>
        <p
          class=""
        >
          4
        </p>
        <p
          class=""
        >
          5
        </p>
        <p
          class=""
        >
          6
        </p>
        <p
          class=""
        >
          7
        </p>
        <p
          class=""
        >
          8
        </p>
        <p
          class=""
        >
          9
        </p>
        <p
          class=""
        >
          0
        </p>
        <p
          class=""
        >
          1
        </p>
        <p
          class=""
        >
          2
        </p>
        <p
          class=""
        >
          3
        </p>
        <p
          class=""
        >
          4
        </p>
        <p
          class="current"
        >
          5
        </p>
        <p
          class=""
        >
          6
        </p>
        <p
          class=""
        >
          7
        </p>
        <p
          class=""
        >
          8
        </p>
        <p
          class=""
        >
          9
        </p>
        <p
          class=""
        >
          0
        </p>
        <p
          class=""
        >
          1
        </p>
        <p
          class=""
        >
          2
        </p>
        <p
          class=""
        >
          3
        </p>
        <p
          class=""
        >
          4
        </p>
        <p
          class=""
        >
          5
        </p>
        <p
          class=""
        >
          6
        </p>
        <p
          class=""
        >
          7
        </p>
        <p
          class=""
        >
          8
        </p>
        <p
          class=""
        >
          9
        </p>
      </span>
    </sup>
  </span>
  <span
    class="ant-badge"
  >
    <a
      class="head-example"
      href="#"
    />
    <sup
      class="ant-scroll-number ant-badge-count"
      data-show="true"
      title="0"
    >
      0
    </sup>
  </span>
</div>
`;

exports[`renders ./components/badge/demo/change.md correctly 1`] = `
<div>
  <div>
    <span
      class="ant-badge"
    >
      <a
        class="head-example"
        href="#"
      />
      <sup
        class="ant-scroll-number ant-badge-count"
        data-show="true"
        title="5"
      >
        <span
          class="ant-scroll-number-only"
          style="transition:none;-ms-transform:translateY(-1500%);-webkit-transform:translateY(-1500%);transform:translateY(-1500%)"
        >
          <p
            class=""
          >
            0
          </p>
          <p
            class=""
          >
            1
          </p>
          <p
            class=""
          >
            2
          </p>
          <p
            class=""
          >
            3
          </p>
          <p
            class=""
          >
            4
          </p>
          <p
            class=""
          >
            5
          </p>
          <p
            class=""
          >
            6
          </p>
          <p
            class=""
          >
            7
          </p>
          <p
            class=""
          >
            8
          </p>
          <p
            class=""
          >
            9
          </p>
          <p
            class=""
          >
            0
          </p>
          <p
            class=""
          >
            1
          </p>
          <p
            class=""
          >
            2
          </p>
          <p
            class=""
          >
            3
          </p>
          <p
            class=""
          >
            4
          </p>
          <p
            class="current"
          >
            5
          </p>
          <p
            class=""
          >
            6
          </p>
          <p
            class=""
          >
            7
          </p>
          <p
            class=""
          >
            8
          </p>
          <p
            class=""
          >
            9
          </p>
          <p
            class=""
          >
            0
          </p>
          <p
            class=""
          >
            1
          </p>
          <p
            class=""
          >
            2
          </p>
          <p
            class=""
          >
            3
          </p>
          <p
            class=""
          >
            4
          </p>
          <p
            class=""
          >
            5
          </p>
          <p
            class=""
          >
            6
          </p>
          <p
            class=""
          >
            7
          </p>
          <p
            class=""
          >
            8
          </p>
          <p
            class=""
          >
            9
          </p>
        </span>
      </sup>
    </span>
    <div
      class="ant-btn-group"
    >
      <button
        class="ant-btn"
        type="button"
      >
        <i
          class="anticon anticon-minus"
        >
          <svg
            aria-hidden="true"
            class=""
            data-icon="minus"
            fill="currentColor"
            height="1em"
            viewBox="64 64 896 896"
            width="1em"
          >
            <path
              d="M872 474H152c-4.4 0-8 3.6-8 8v60c0 4.4 3.6 8 8 8h720c4.4 0 8-3.6 8-8v-60c0-4.4-3.6-8-8-8z"
            />
          </svg>
        </i>
      </button>
      <button
        class="ant-btn"
        type="button"
      >
        <i
          class="anticon anticon-plus"
        >
          <svg
            aria-hidden="true"
            class=""
            data-icon="plus"
            fill="currentColor"
            height="1em"
            viewBox="64 64 896 896"
            width="1em"
          >
            <path
              d="M848 474H550V152h-76v322H176c-4.4 0-8 3.6-8 8v60c0 4.4 3.6 8 8 8h298v322h76V550h298c4.4 0 8-3.6 8-8v-60c0-4.4-3.6-8-8-8z"
            />
          </svg>
        </i>
      </button>
    </div>
  </div>
  <div
    style="margin-top:10px"
  >
    <span
      class="ant-badge"
    >
      <a
        class="head-example"
        href="#"
      />
      <sup
        class="ant-scroll-number ant-badge-dot"
        data-show="true"
      />
    </span>
    <button
      aria-checked="true"
      checked=""
      class="ant-switch ant-switch-checked"
      role="switch"
      type="button"
    >
      <span
        class="ant-switch-inner"
      />
    </button>
  </div>
</div>
`;

exports[`renders ./components/badge/demo/dot.md correctly 1`] = `
<div>
  <span
    class="ant-badge"
  >
    <i
      class="anticon anticon-notification"
    >
      <svg
        aria-hidden="true"
        class=""
        data-icon="notification"
        fill="currentColor"
        height="1em"
        viewBox="64 64 896 896"
        width="1em"
      >
        <path
          d="M880 112c-3.8 0-7.7.7-11.6 2.3L292 345.9H128c-8.8 0-16 7.4-16 16.6v299c0 9.2 7.2 16.6 16 16.6h101.7c-3.7 11.6-5.7 23.9-5.7 36.4 0 65.9 53.8 119.5 120 119.5 55.4 0 102.1-37.6 115.9-88.4l408.6 164.2c3.9 1.5 7.8 2.3 11.6 2.3 16.9 0 32-14.2 32-33.2V145.2C912 126.2 897 112 880 112zM344 762.3c-26.5 0-48-21.4-48-47.8 0-11.2 3.9-21.9 11-30.4l84.9 34.1c-2 24.6-22.7 44.1-47.9 44.1zm496 58.4L318.8 611.3l-12.9-5.2H184V417.9h121.9l12.9-5.2L840 203.3v617.4z"
        />
      </svg>
    </i>
    <sup
      class="ant-scroll-number ant-badge-dot"
      data-show="true"
    />
  </span>
  <span
    class="ant-badge"
  >
    <i
      class="anticon anticon-notification"
    >
      <svg
        aria-hidden="true"
        class=""
        data-icon="notification"
        fill="currentColor"
        height="1em"
        viewBox="64 64 896 896"
        width="1em"
      >
        <path
          d="M880 112c-3.8 0-7.7.7-11.6 2.3L292 345.9H128c-8.8 0-16 7.4-16 16.6v299c0 9.2 7.2 16.6 16 16.6h101.7c-3.7 11.6-5.7 23.9-5.7 36.4 0 65.9 53.8 119.5 120 119.5 55.4 0 102.1-37.6 115.9-88.4l408.6 164.2c3.9 1.5 7.8 2.3 11.6 2.3 16.9 0 32-14.2 32-33.2V145.2C912 126.2 897 112 880 112zM344 762.3c-26.5 0-48-21.4-48-47.8 0-11.2 3.9-21.9 11-30.4l84.9 34.1c-2 24.6-22.7 44.1-47.9 44.1zm496 58.4L318.8 611.3l-12.9-5.2H184V417.9h121.9l12.9-5.2L840 203.3v617.4z"
        />
      </svg>
    </i>
  </span>
  <span
    class="ant-badge"
  >
    <a
      href="#"
    >
      Link something
    </a>
    <sup
      class="ant-scroll-number ant-badge-dot"
      data-show="true"
    />
  </span>
</div>
`;

exports[`renders ./components/badge/demo/link.md correctly 1`] = `
<a
  href="#"
>
  <span
    class="ant-badge"
  >
    <span
      class="head-example"
    />
    <sup
      class="ant-scroll-number ant-badge-count"
      data-show="true"
      title="5"
    >
      <span
        class="ant-scroll-number-only"
        style="transition:none;-ms-transform:translateY(-1500%);-webkit-transform:translateY(-1500%);transform:translateY(-1500%)"
      >
        <p
          class=""
        >
          0
        </p>
        <p
          class=""
        >
          1
        </p>
        <p
          class=""
        >
          2
        </p>
        <p
          class=""
        >
          3
        </p>
        <p
          class=""
        >
          4
        </p>
        <p
          class=""
        >
          5
        </p>
        <p
          class=""
        >
          6
        </p>
        <p
          class=""
        >
          7
        </p>
        <p
          class=""
        >
          8
        </p>
        <p
          class=""
        >
          9
        </p>
        <p
          class=""
        >
          0
        </p>
        <p
          class=""
        >
          1
        </p>
        <p
          class=""
        >
          2
        </p>
        <p
          class=""
        >
          3
        </p>
        <p
          class=""
        >
          4
        </p>
        <p
          class="current"
        >
          5
        </p>
        <p
          class=""
        >
          6
        </p>
        <p
          class=""
        >
          7
        </p>
        <p
          class=""
        >
          8
        </p>
        <p
          class=""
        >
          9
        </p>
        <p
          class=""
        >
          0
        </p>
        <p
          class=""
        >
          1
        </p>
        <p
          class=""
        >
          2
        </p>
        <p
          class=""
        >
          3
        </p>
        <p
          class=""
        >
          4
        </p>
        <p
          class=""
        >
          5
        </p>
        <p
          class=""
        >
          6
        </p>
        <p
          class=""
        >
          7
        </p>
        <p
          class=""
        >
          8
        </p>
        <p
          class=""
        >
          9
        </p>
      </span>
    </sup>
  </span>
</a>
`;

exports[`renders ./components/badge/demo/no-wrapper.md correctly 1`] = `
<div>
  <span
    class="ant-badge ant-badge-not-a-wrapper"
  >
    <sup
      class="ant-scroll-number ant-badge-count ant-badge-multiple-words"
      data-show="true"
      title="25"
    >
      <span
        class="ant-scroll-number-only"
        style="transition:none;-ms-transform:translateY(-1200%);-webkit-transform:translateY(-1200%);transform:translateY(-1200%)"
      >
        <p
          class=""
        >
          0
        </p>
        <p
          class=""
        >
          1
        </p>
        <p
          class=""
        >
          2
        </p>
        <p
          class=""
        >
          3
        </p>
        <p
          class=""
        >
          4
        </p>
        <p
          class=""
        >
          5
        </p>
        <p
          class=""
        >
          6
        </p>
        <p
          class=""
        >
          7
        </p>
        <p
          class=""
        >
          8
        </p>
        <p
          class=""
        >
          9
        </p>
        <p
          class=""
        >
          0
        </p>
        <p
          class=""
        >
          1
        </p>
        <p
          class="current"
        >
          2
        </p>
        <p
          class=""
        >
          3
        </p>
        <p
          class=""
        >
          4
        </p>
        <p
          class=""
        >
          5
        </p>
        <p
          class=""
        >
          6
        </p>
        <p
          class=""
        >
          7
        </p>
        <p
          class=""
        >
          8
        </p>
        <p
          class=""
        >
          9
        </p>
        <p
          class=""
        >
          0
        </p>
        <p
          class=""
        >
          1
        </p>
        <p
          class=""
        >
          2
        </p>
        <p
          class=""
        >
          3
        </p>
        <p
          class=""
        >
          4
        </p>
        <p
          class=""
        >
          5
        </p>
        <p
          class=""
        >
          6
        </p>
        <p
          class=""
        >
          7
        </p>
        <p
          class=""
        >
          8
        </p>
        <p
          class=""
        >
          9
        </p>
      </span>
      <span
        class="ant-scroll-number-only"
        style="transition:none;-ms-transform:translateY(-1500%);-webkit-transform:translateY(-1500%);transform:translateY(-1500%)"
      >
        <p
          class=""
        >
          0
        </p>
        <p
          class=""
        >
          1
        </p>
        <p
          class=""
        >
          2
        </p>
        <p
          class=""
        >
          3
        </p>
        <p
          class=""
        >
          4
        </p>
        <p
          class=""
        >
          5
        </p>
        <p
          class=""
        >
          6
        </p>
        <p
          class=""
        >
          7
        </p>
        <p
          class=""
        >
          8
        </p>
        <p
          class=""
        >
          9
        </p>
        <p
          class=""
        >
          0
        </p>
        <p
          class=""
        >
          1
        </p>
        <p
          class=""
        >
          2
        </p>
        <p
          class=""
        >
          3
        </p>
        <p
          class=""
        >
          4
        </p>
        <p
          class="current"
        >
          5
        </p>
        <p
          class=""
        >
          6
        </p>
        <p
          class=""
        >
          7
        </p>
        <p
          class=""
        >
          8
        </p>
        <p
          class=""
        >
          9
        </p>
        <p
          class=""
        >
          0
        </p>
        <p
          class=""
        >
          1
        </p>
        <p
          class=""
        >
          2
        </p>
        <p
          class=""
        >
          3
        </p>
        <p
          class=""
        >
          4
        </p>
        <p
          class=""
        >
          5
        </p>
        <p
          class=""
        >
          6
        </p>
        <p
          class=""
        >
          7
        </p>
        <p
          class=""
        >
          8
        </p>
        <p
          class=""
        >
          9
        </p>
      </span>
    </sup>
  </span>
  <span
    class="ant-badge ant-badge-not-a-wrapper"
  >
    <sup
      class="ant-scroll-number ant-badge-count"
      data-show="true"
      style="background-color:#fff;color:#999;box-shadow:0 0 0 1px #d9d9d9 inset"
      title="4"
    >
      <span
        class="ant-scroll-number-only"
        style="transition:none;-ms-transform:translateY(-1400%);-webkit-transform:translateY(-1400%);transform:translateY(-1400%)"
      >
        <p
          class=""
        >
          0
        </p>
        <p
          class=""
        >
          1
        </p>
        <p
          class=""
        >
          2
        </p>
        <p
          class=""
        >
          3
        </p>
        <p
          class=""
        >
          4
        </p>
        <p
          class=""
        >
          5
        </p>
        <p
          class=""
        >
          6
        </p>
        <p
          class=""
        >
          7
        </p>
        <p
          class=""
        >
          8
        </p>
        <p
          class=""
        >
          9
        </p>
        <p
          class=""
        >
          0
        </p>
        <p
          class=""
        >
          1
        </p>
        <p
          class=""
        >
          2
        </p>
        <p
          class=""
        >
          3
        </p>
        <p
          class="current"
        >
          4
        </p>
        <p
          class=""
        >
          5
        </p>
        <p
          class=""
        >
          6
        </p>
        <p
          class=""
        >
          7
        </p>
        <p
          class=""
        >
          8
        </p>
        <p
          class=""
        >
          9
        </p>
        <p
          class=""
        >
          0
        </p>
        <p
          class=""
        >
          1
        </p>
        <p
          class=""
        >
          2
        </p>
        <p
          class=""
        >
          3
        </p>
        <p
          class=""
        >
          4
        </p>
        <p
          class=""
        >
          5
        </p>
        <p
          class=""
        >
          6
        </p>
        <p
          class=""
        >
          7
        </p>
        <p
          class=""
        >
          8
        </p>
        <p
          class=""
        >
          9
        </p>
      </span>
    </sup>
  </span>
  <span
    class="ant-badge ant-badge-not-a-wrapper"
  >
    <sup
      class="ant-scroll-number ant-badge-count ant-badge-multiple-words"
      data-show="true"
      style="background-color:#52c41a"
      title="109"
    >
      99+
    </sup>
  </span>
</div>
`;

exports[`renders ./components/badge/demo/overflow.md correctly 1`] = `
<div>
  <span
    class="ant-badge"
  >
    <a
      class="head-example"
      href="#"
    />
    <sup
      class="ant-scroll-number ant-badge-count ant-badge-multiple-words"
      data-show="true"
      title="99"
    >
      <span
        class="ant-scroll-number-only"
        style="transition:none;-ms-transform:translateY(-1900%);-webkit-transform:translateY(-1900%);transform:translateY(-1900%)"
      >
        <p
          class=""
        >
          0
        </p>
        <p
          class=""
        >
          1
        </p>
        <p
          class=""
        >
          2
        </p>
        <p
          class=""
        >
          3
        </p>
        <p
          class=""
        >
          4
        </p>
        <p
          class=""
        >
          5
        </p>
        <p
          class=""
        >
          6
        </p>
        <p
          class=""
        >
          7
        </p>
        <p
          class=""
        >
          8
        </p>
        <p
          class=""
        >
          9
        </p>
        <p
          class=""
        >
          0
        </p>
        <p
          class=""
        >
          1
        </p>
        <p
          class=""
        >
          2
        </p>
        <p
          class=""
        >
          3
        </p>
        <p
          class=""
        >
          4
        </p>
        <p
          class=""
        >
          5
        </p>
        <p
          class=""
        >
          6
        </p>
        <p
          class=""
        >
          7
        </p>
        <p
          class=""
        >
          8
        </p>
        <p
          class="current"
        >
          9
        </p>
        <p
          class=""
        >
          0
        </p>
        <p
          class=""
        >
          1
        </p>
        <p
          class=""
        >
          2
        </p>
        <p
          class=""
        >
          3
        </p>
        <p
          class=""
        >
          4
        </p>
        <p
          class=""
        >
          5
        </p>
        <p
          class=""
        >
          6
        </p>
        <p
          class=""
        >
          7
        </p>
        <p
          class=""
        >
          8
        </p>
        <p
          class=""
        >
          9
        </p>
      </span>
      <span
        class="ant-scroll-number-only"
        style="transition:none;-ms-transform:translateY(-1900%);-webkit-transform:translateY(-1900%);transform:translateY(-1900%)"
      >
        <p
          class=""
        >
          0
        </p>
        <p
          class=""
        >
          1
        </p>
        <p
          class=""
        >
          2
        </p>
        <p
          class=""
        >
          3
        </p>
        <p
          class=""
        >
          4
        </p>
        <p
          class=""
        >
          5
        </p>
        <p
          class=""
        >
          6
        </p>
        <p
          class=""
        >
          7
        </p>
        <p
          class=""
        >
          8
        </p>
        <p
          class=""
        >
          9
        </p>
        <p
          class=""
        >
          0
        </p>
        <p
          class=""
        >
          1
        </p>
        <p
          class=""
        >
          2
        </p>
        <p
          class=""
        >
          3
        </p>
        <p
          class=""
        >
          4
        </p>
        <p
          class=""
        >
          5
        </p>
        <p
          class=""
        >
          6
        </p>
        <p
          class=""
        >
          7
        </p>
        <p
          class=""
        >
          8
        </p>
        <p
          class="current"
        >
          9
        </p>
        <p
          class=""
        >
          0
        </p>
        <p
          class=""
        >
          1
        </p>
        <p
          class=""
        >
          2
        </p>
        <p
          class=""
        >
          3
        </p>
        <p
          class=""
        >
          4
        </p>
        <p
          class=""
        >
          5
        </p>
        <p
          class=""
        >
          6
        </p>
        <p
          class=""
        >
          7
        </p>
        <p
          class=""
        >
          8
        </p>
        <p
          class=""
        >
          9
        </p>
      </span>
    </sup>
  </span>
  <span
    class="ant-badge"
  >
    <a
      class="head-example"
      href="#"
    />
    <sup
      class="ant-scroll-number ant-badge-count ant-badge-multiple-words"
      data-show="true"
      title="100"
    >
      99+
    </sup>
  </span>
  <span
    class="ant-badge"
  >
    <a
      class="head-example"
      href="#"
    />
    <sup
      class="ant-scroll-number ant-badge-count ant-badge-multiple-words"
      data-show="true"
      title="99"
    >
      10+
    </sup>
  </span>
  <span
    class="ant-badge"
  >
    <a
      class="head-example"
      href="#"
    />
    <sup
      class="ant-scroll-number ant-badge-count ant-badge-multiple-words"
      data-show="true"
      title="1000"
    >
      999+
    </sup>
  </span>
</div>
`;

exports[`renders ./components/badge/demo/status.md correctly 1`] = `
<div>
  <span
    class="ant-badge ant-badge-status ant-badge-not-a-wrapper"
  >
    <span
      class="ant-badge-status-dot ant-badge-status-success"
    />
    <span
      class="ant-badge-status-text"
    />
  </span>
  <span
    class="ant-badge ant-badge-status ant-badge-not-a-wrapper"
  >
    <span
      class="ant-badge-status-dot ant-badge-status-error"
    />
    <span
      class="ant-badge-status-text"
    />
  </span>
  <span
    class="ant-badge ant-badge-status ant-badge-not-a-wrapper"
  >
    <span
      class="ant-badge-status-dot ant-badge-status-default"
    />
    <span
      class="ant-badge-status-text"
    />
  </span>
  <span
    class="ant-badge ant-badge-status ant-badge-not-a-wrapper"
  >
    <span
      class="ant-badge-status-dot ant-badge-status-processing"
    />
    <span
      class="ant-badge-status-text"
    />
  </span>
  <span
    class="ant-badge ant-badge-status ant-badge-not-a-wrapper"
  >
    <span
      class="ant-badge-status-dot ant-badge-status-warning"
    />
    <span
      class="ant-badge-status-text"
    />
  </span>
  <br />
  <span
    class="ant-badge ant-badge-status ant-badge-not-a-wrapper"
  >
    <span
      class="ant-badge-status-dot ant-badge-status-success"
    />
    <span
      class="ant-badge-status-text"
    >
      Success
    </span>
  </span>
  <br />
  <span
    class="ant-badge ant-badge-status ant-badge-not-a-wrapper"
  >
    <span
      class="ant-badge-status-dot ant-badge-status-error"
    />
    <span
      class="ant-badge-status-text"
    >
      Error
    </span>
  </span>
  <br />
  <span
    class="ant-badge ant-badge-status ant-badge-not-a-wrapper"
  >
    <span
      class="ant-badge-status-dot ant-badge-status-default"
    />
    <span
      class="ant-badge-status-text"
    >
      Default
    </span>
  </span>
  <br />
  <span
    class="ant-badge ant-badge-status ant-badge-not-a-wrapper"
  >
    <span
      class="ant-badge-status-dot ant-badge-status-processing"
    />
    <span
      class="ant-badge-status-text"
    >
      Processing
    </span>
  </span>
  <br />
  <span
    class="ant-badge ant-badge-status ant-badge-not-a-wrapper"
  >
    <span
      class="ant-badge-status-dot ant-badge-status-warning"
    />
    <span
      class="ant-badge-status-text"
    >
      Warning
    </span>
  </span>
</div>
`;

exports[`renders ./components/badge/demo/title.md correctly 1`] = `
<div>
  <span
    class="ant-badge"
  >
    <a
      class="head-example"
      href="#"
    />
    <sup
      class="ant-scroll-number ant-badge-count"
      data-show="true"
      title="Custom hover text"
    >
      <span
        class="ant-scroll-number-only"
        style="transition:none;-ms-transform:translateY(-1500%);-webkit-transform:translateY(-1500%);transform:translateY(-1500%)"
      >
        <p
          class=""
        >
          0
        </p>
        <p
          class=""
        >
          1
        </p>
        <p
          class=""
        >
          2
        </p>
        <p
          class=""
        >
          3
        </p>
        <p
          class=""
        >
          4
        </p>
        <p
          class=""
        >
          5
        </p>
        <p
          class=""
        >
          6
        </p>
        <p
          class=""
        >
          7
        </p>
        <p
          class=""
        >
          8
        </p>
        <p
          class=""
        >
          9
        </p>
        <p
          class=""
        >
          0
        </p>
        <p
          class=""
        >
          1
        </p>
        <p
          class=""
        >
          2
        </p>
        <p
          class=""
        >
          3
        </p>
        <p
          class=""
        >
          4
        </p>
        <p
          class="current"
        >
          5
        </p>
        <p
          class=""
        >
          6
        </p>
        <p
          class=""
        >
          7
        </p>
        <p
          class=""
        >
          8
        </p>
        <p
          class=""
        >
          9
        </p>
        <p
          class=""
        >
          0
        </p>
        <p
          class=""
        >
          1
        </p>
        <p
          class=""
        >
          2
        </p>
        <p
          class=""
        >
          3
        </p>
        <p
          class=""
        >
          4
        </p>
        <p
          class=""
        >
          5
        </p>
        <p
          class=""
        >
          6
        </p>
        <p
          class=""
        >
          7
        </p>
        <p
          class=""
        >
          8
        </p>
        <p
          class=""
        >
          9
        </p>
      </span>
    </sup>
  </span>
</div>
`;
