// Jest Snapshot v1, https://goo.gl/fbAQLP

exports[`Tabs renderTabBar custom-tab-bar 1`] = `
<div
  class="ant-tabs ant-tabs-top ant-tabs-line"
>
  <div>
    custom-tab-bar
  </div>
  <div
    class="ant-tabs-content ant-tabs-content-animated"
    style="margin-left:0%"
  >
    <div
      aria-hidden="false"
      class="ant-tabs-tabpane ant-tabs-tabpane-active"
      role="tabpanel"
    >
      foo
    </div>
  </div>
</div>
`;

exports[`Tabs tabPosition remove card 1`] = `
<div
  class="ant-tabs ant-tabs-left ant-tabs-vertical ant-tabs-line"
>
  <div
    class="ant-tabs-bar"
    role="tablist"
    tabindex="0"
  >
    <div
      class="ant-tabs-nav-container"
    >
      <span
        class="ant-tabs-tab-prev ant-tabs-tab-btn-disabled"
        unselectable="unselectable"
      >
        <span
          class="ant-tabs-tab-prev-icon"
        >
          <i
            class="anticon anticon-up ant-tabs-tab-prev-icon-target"
          >
            <svg
              aria-hidden="true"
              class=""
              data-icon="up"
              fill="currentColor"
              height="1em"
              viewBox="64 64 896 896"
              width="1em"
            >
              <path
                d="M890.5 755.3L537.9 269.2c-12.8-17.6-39-17.6-51.7 0L133.5 755.3A8 8 0 0 0 140 768h75c5.1 0 9.9-2.5 12.9-6.6L512 369.8l284.1 391.6c3 4.1 7.8 6.6 12.9 6.6h75c6.5 0 10.3-7.4 6.5-12.7z"
              />
            </svg>
          </i>
        </span>
      </span>
      <span
        class="ant-tabs-tab-next ant-tabs-tab-btn-disabled"
        unselectable="unselectable"
      >
        <span
          class="ant-tabs-tab-next-icon"
        >
          <i
            class="anticon anticon-down ant-tabs-tab-next-icon-target"
          >
            <svg
              aria-hidden="true"
              class=""
              data-icon="down"
              fill="currentColor"
              height="1em"
              viewBox="64 64 896 896"
              width="1em"
            >
              <path
                d="M884 256h-75c-5.1 0-9.9 2.5-12.9 6.6L512 654.2 227.9 262.6c-3-4.1-7.8-6.6-12.9-6.6h-75c-6.5 0-10.3 7.4-6.5 12.7l352.6 486.1c12.8 17.6 39 17.6 51.7 0l352.6-486.1c3.9-5.3.1-12.7-6.4-12.7z"
              />
            </svg>
          </i>
        </span>
      </span>
      <div
        class="ant-tabs-nav-wrap"
      >
        <div
          class="ant-tabs-nav-scroll"
        >
          <div
            class="ant-tabs-nav ant-tabs-nav-animated"
          >
            <div>
              <div
                aria-disabled="false"
                aria-selected="true"
                class="ant-tabs-tab-active ant-tabs-tab"
                role="tab"
              >
                foo
              </div>
            </div>
            <div
              class="ant-tabs-ink-bar ant-tabs-ink-bar-animated"
            />
          </div>
        </div>
      </div>
    </div>
    <div
      class="ant-tabs-extra-content"
    >
      xxx
    </div>
  </div>
  <div
    class="ant-tabs-content ant-tabs-content-animated"
    style="margin-top:0%"
  >
    <div
      aria-hidden="false"
      class="ant-tabs-tabpane ant-tabs-tabpane-active"
      role="tabpanel"
    >
      foo
    </div>
  </div>
</div>
`;
