// Jest Snapshot v1, https://goo.gl/fbAQLP

exports[`renders ./components/breadcrumb/demo/basic.md correctly 1`] = `
<div
  class="ant-breadcrumb"
>
  <span>
    <span
      class="ant-breadcrumb-link"
    >
      Home
    </span>
    <span
      class="ant-breadcrumb-separator"
    >
      /
    </span>
  </span>
  <span>
    <span
      class="ant-breadcrumb-link"
    >
      <a
        href=""
      >
        Application Center
      </a>
    </span>
    <span
      class="ant-breadcrumb-separator"
    >
      /
    </span>
  </span>
  <span>
    <span
      class="ant-breadcrumb-link"
    >
      <a
        href=""
      >
        Application List
      </a>
    </span>
    <span
      class="ant-breadcrumb-separator"
    >
      /
    </span>
  </span>
  <span>
    <span
      class="ant-breadcrumb-link"
    >
      An Application
    </span>
    <span
      class="ant-breadcrumb-separator"
    >
      /
    </span>
  </span>
</div>
`;

exports[`renders ./components/breadcrumb/demo/router.md correctly 1`] = `
<div
  class="demo"
>
  <div
    class="demo-nav"
  >
    <a
      href="#/"
    >
      Home
    </a>
    <a
      href="#/apps"
    >
      Application List
    </a>
  </div>
  Home Page
  <div
    class="ant-alert ant-alert-info ant-alert-no-icon"
    data-show="true"
    style="margin:16px 0;"
  >
    <span
      class="ant-alert-message"
    >
      Click the navigation above to switch:
    </span>
    <span
      class="ant-alert-description"
    />
  </div>
  <div
    class="ant-breadcrumb"
  >
    <span>
      <span
        class="ant-breadcrumb-link"
      >
        <span>
          Home
        </span>
      </span>
      <span
        class="ant-breadcrumb-separator"
      >
        /
      </span>
    </span>
  </div>
</div>
`;

exports[`renders ./components/breadcrumb/demo/router-4.md correctly 1`] = `
<div
  class="demo"
>
  <div
    class="demo-nav"
  >
    <a
      href="#/"
    >
      Home
    </a>
    <a
      href="#/apps"
    >
      Application List
    </a>
  </div>
  Home Page
  <div
    class="ant-alert ant-alert-info ant-alert-no-icon"
    data-show="true"
    style="margin:16px 0;"
  >
    <span
      class="ant-alert-message"
    >
      Click the navigation above to switch:
    </span>
    <span
      class="ant-alert-description"
    />
  </div>
  <div
    class="ant-breadcrumb"
  />
</div>
`;

exports[`renders ./components/breadcrumb/demo/separator.md correctly 1`] = `
<div
  class="ant-breadcrumb"
>
  <span>
    <span
      class="ant-breadcrumb-link"
    >
      Home
    </span>
    <span
      class="ant-breadcrumb-separator"
    >
      &gt;
    </span>
  </span>
  <span>
    <a
      class="ant-breadcrumb-link"
      href=""
    >
      Application Center
    </a>
    <span
      class="ant-breadcrumb-separator"
    >
      &gt;
    </span>
  </span>
  <span>
    <a
      class="ant-breadcrumb-link"
      href=""
    >
      Application List
    </a>
    <span
      class="ant-breadcrumb-separator"
    >
      &gt;
    </span>
  </span>
  <span>
    <span
      class="ant-breadcrumb-link"
    >
      An Application
    </span>
    <span
      class="ant-breadcrumb-separator"
    >
      &gt;
    </span>
  </span>
</div>
`;

exports[`renders ./components/breadcrumb/demo/withIcon.md correctly 1`] = `
<div
  class="ant-breadcrumb"
>
  <span>
    <a
      class="ant-breadcrumb-link"
      href=""
    >
      <i
        class="anticon anticon-home"
      >
        <svg
          aria-hidden="true"
          class=""
          data-icon="home"
          fill="currentColor"
          height="1em"
          viewBox="64 64 896 896"
          width="1em"
        >
          <path
            d="M946.5 505L560.1 118.8l-25.9-25.9a31.5 31.5 0 0 0-44.4 0L77.5 505a63.9 63.9 0 0 0-18.8 46c.4 35.2 29.7 63.3 64.9 63.3h42.5V940h691.8V614.3h43.4c17.1 0 33.2-6.7 45.3-18.8a63.6 63.6 0 0 0 18.7-45.3c0-17-6.7-33.1-18.8-45.2zM568 868H456V664h112v204zm217.9-325.7V868H632V640c0-22.1-17.9-40-40-40H432c-22.1 0-40 17.9-40 40v228H238.1V542.3h-96l370-369.7 23.1 23.1L882 542.3h-96.1z"
          />
        </svg>
      </i>
    </a>
    <span
      class="ant-breadcrumb-separator"
    >
      /
    </span>
  </span>
  <span>
    <a
      class="ant-breadcrumb-link"
      href=""
    >
      <i
        class="anticon anticon-user"
      >
        <svg
          aria-hidden="true"
          class=""
          data-icon="user"
          fill="currentColor"
          height="1em"
          viewBox="64 64 896 896"
          width="1em"
        >
          <path
            d="M858.5 763.6a374 374 0 0 0-80.6-119.5 375.63 375.63 0 0 0-119.5-80.6c-.4-.2-.8-.3-1.2-.5C719.5 518 760 444.7 760 362c0-137-111-248-248-248S264 225 264 362c0 82.7 40.5 156 102.8 201.1-.4.2-.8.3-1.2.5-44.8 18.9-85 46-119.5 80.6a375.63 375.63 0 0 0-80.6 119.5A371.7 371.7 0 0 0 136 901.8a8 8 0 0 0 8 8.2h60c4.4 0 7.9-3.5 8-7.8 2-77.2 33-149.5 87.8-204.3 56.7-56.7 132-87.9 212.2-87.9s155.5 31.2 212.2 87.9C779 752.7 810 825 812 902.2c.1 4.4 3.6 7.8 8 7.8h60a8 8 0 0 0 8-8.2c-1-47.8-10.9-94.3-29.5-138.2zM512 534c-45.9 0-89.1-17.9-121.6-50.4S340 407.9 340 362c0-45.9 17.9-89.1 50.4-121.6S466.1 190 512 190s89.1 17.9 121.6 50.4S684 316.1 684 362c0 45.9-17.9 89.1-50.4 121.6S557.9 534 512 534z"
          />
        </svg>
      </i>
      <span>
        Application List
      </span>
    </a>
    <span
      class="ant-breadcrumb-separator"
    >
      /
    </span>
  </span>
  <span>
    <span
      class="ant-breadcrumb-link"
    >
      Application
    </span>
    <span
      class="ant-breadcrumb-separator"
    >
      /
    </span>
  </span>
</div>
`;
