// Jest Snapshot v1, https://goo.gl/fbAQLP

exports[`renders ./components/transfer/demo/advanced.md correctly 1`] = `
<div
  class="ant-transfer"
>
  <div
    class="ant-transfer-list ant-transfer-list-with-footer"
    style="width:250px;height:300px"
  >
    <div
      class="ant-transfer-list-header"
    >
      <label
        class="ant-checkbox-wrapper"
      >
        <span
          class="ant-checkbox"
        >
          <input
            class="ant-checkbox-input"
            type="checkbox"
          />
          <span
            class="ant-checkbox-inner"
          />
        </span>
      </label>
      <span
        class="ant-transfer-list-header-selected"
      >
        <span>
          0 item
        </span>
        <span
          class="ant-transfer-list-header-title"
        />
      </span>
    </div>
    <div
      class="ant-transfer-list-body ant-transfer-list-body-with-search"
    >
      <div
        class="ant-transfer-list-body-search-wrapper"
      >
        <div>
          <input
            class="ant-input ant-transfer-list-search"
            placeholder="Search here"
            type="text"
            value=""
          />
          <span
            class="ant-transfer-list-search-action"
          >
            <i
              class="anticon anticon-search"
            >
              <svg
                aria-hidden="true"
                class=""
                data-icon="search"
                fill="currentColor"
                height="1em"
                viewBox="64 64 896 896"
                width="1em"
              >
                <path
                  d="M909.6 854.5L649.9 594.8C690.2 542.7 712 479 712 412c0-80.2-31.3-155.4-87.9-212.1-56.6-56.7-132-87.9-212.1-87.9s-155.5 31.3-212.1 87.9C143.2 256.5 112 331.8 112 412c0 80.1 31.3 155.5 87.9 212.1C256.5 680.8 331.8 712 412 712c67 0 130.6-21.8 182.7-62l259.7 259.6a8.2 8.2 0 0 0 11.6 0l43.6-43.5a8.2 8.2 0 0 0 0-11.6zM570.4 570.4C528 612.7 471.8 636 412 636s-116-23.3-158.4-65.6C211.3 528 188 471.8 188 412s23.3-116.1 65.6-158.4C296 211.3 352.2 188 412 188s116.1 23.2 158.4 65.6S636 352.2 636 412s-23.3 116.1-65.6 158.4z"
                />
              </svg>
            </i>
          </span>
        </div>
      </div>
      <ul
        class="ant-transfer-list-content"
      />
      <div
        class="ant-transfer-list-body-not-found"
      >
        Not Found
      </div>
    </div>
    <div
      class="ant-transfer-list-footer"
    >
      <button
        class="ant-btn ant-btn-sm"
        style="float:right;margin:5px"
        type="button"
      >
        <span>
          reload
        </span>
      </button>
    </div>
  </div>
  <div
    class="ant-transfer-operation"
  >
    <button
      class="ant-btn ant-btn-primary ant-btn-sm"
      disabled=""
      type="button"
    >
      <i
        class="anticon anticon-right"
      >
        <svg
          aria-hidden="true"
          class=""
          data-icon="right"
          fill="currentColor"
          height="1em"
          viewBox="64 64 896 896"
          width="1em"
        >
          <path
            d="M765.7 486.8L314.9 134.7A7.97 7.97 0 0 0 302 141v77.3c0 4.9 2.3 9.6 6.1 12.6l360 281.1-360 281.1c-3.9 3-6.1 7.7-6.1 12.6V883c0 6.7 7.7 10.4 12.9 6.3l450.8-352.1a31.96 31.96 0 0 0 0-50.4z"
          />
        </svg>
      </i>
      <span>
        to right
      </span>
    </button>
    <button
      class="ant-btn ant-btn-primary ant-btn-sm"
      disabled=""
      type="button"
    >
      <i
        class="anticon anticon-left"
      >
        <svg
          aria-hidden="true"
          class=""
          data-icon="left"
          fill="currentColor"
          height="1em"
          viewBox="64 64 896 896"
          width="1em"
        >
          <path
            d="M724 218.3V141c0-6.7-7.7-10.4-12.9-6.3L260.3 486.8a31.86 31.86 0 0 0 0 50.3l450.8 352.1c5.3 4.1 12.9.4 12.9-6.3v-77.3c0-4.9-2.3-9.6-6.1-12.6l-360-281 360-281.1c3.8-3 6.1-7.7 6.1-12.6z"
          />
        </svg>
      </i>
      <span>
        to left
      </span>
    </button>
  </div>
  <div
    class="ant-transfer-list ant-transfer-list-with-footer"
    style="width:250px;height:300px"
  >
    <div
      class="ant-transfer-list-header"
    >
      <label
        class="ant-checkbox-wrapper"
      >
        <span
          class="ant-checkbox"
        >
          <input
            class="ant-checkbox-input"
            type="checkbox"
          />
          <span
            class="ant-checkbox-inner"
          />
        </span>
      </label>
      <span
        class="ant-transfer-list-header-selected"
      >
        <span>
          0 item
        </span>
        <span
          class="ant-transfer-list-header-title"
        />
      </span>
    </div>
    <div
      class="ant-transfer-list-body ant-transfer-list-body-with-search"
    >
      <div
        class="ant-transfer-list-body-search-wrapper"
      >
        <div>
          <input
            class="ant-input ant-transfer-list-search"
            placeholder="Search here"
            type="text"
            value=""
          />
          <span
            class="ant-transfer-list-search-action"
          >
            <i
              class="anticon anticon-search"
            >
              <svg
                aria-hidden="true"
                class=""
                data-icon="search"
                fill="currentColor"
                height="1em"
                viewBox="64 64 896 896"
                width="1em"
              >
                <path
                  d="M909.6 854.5L649.9 594.8C690.2 542.7 712 479 712 412c0-80.2-31.3-155.4-87.9-212.1-56.6-56.7-132-87.9-212.1-87.9s-155.5 31.3-212.1 87.9C143.2 256.5 112 331.8 112 412c0 80.1 31.3 155.5 87.9 212.1C256.5 680.8 331.8 712 412 712c67 0 130.6-21.8 182.7-62l259.7 259.6a8.2 8.2 0 0 0 11.6 0l43.6-43.5a8.2 8.2 0 0 0 0-11.6zM570.4 570.4C528 612.7 471.8 636 412 636s-116-23.3-158.4-65.6C211.3 528 188 471.8 188 412s23.3-116.1 65.6-158.4C296 211.3 352.2 188 412 188s116.1 23.2 158.4 65.6S636 352.2 636 412s-23.3 116.1-65.6 158.4z"
                />
              </svg>
            </i>
          </span>
        </div>
      </div>
      <ul
        class="ant-transfer-list-content"
      />
      <div
        class="ant-transfer-list-body-not-found"
      >
        Not Found
      </div>
    </div>
    <div
      class="ant-transfer-list-footer"
    >
      <button
        class="ant-btn ant-btn-sm"
        style="float:right;margin:5px"
        type="button"
      >
        <span>
          reload
        </span>
      </button>
    </div>
  </div>
</div>
`;

exports[`renders ./components/transfer/demo/basic.md correctly 1`] = `
<div>
  <div
    class="ant-transfer"
  >
    <div
      class="ant-transfer-list"
    >
      <div
        class="ant-transfer-list-header"
      >
        <label
          class="ant-checkbox-wrapper"
        >
          <span
            class="ant-checkbox"
          >
            <input
              class="ant-checkbox-input"
              type="checkbox"
            />
            <span
              class="ant-checkbox-inner"
            />
          </span>
        </label>
        <span
          class="ant-transfer-list-header-selected"
        >
          <span>
            14 items
          </span>
          <span
            class="ant-transfer-list-header-title"
          >
            Source
          </span>
        </span>
      </div>
      <div
        class="ant-transfer-list-body"
      >
        <ul
          class="ant-transfer-list-content"
        >
          <div
            class="LazyLoad"
            style="height:32px"
          />
          <div
            class="LazyLoad"
            style="height:32px"
          />
          <div
            class="LazyLoad"
            style="height:32px"
          />
          <div
            class="LazyLoad"
            style="height:32px"
          />
          <div
            class="LazyLoad"
            style="height:32px"
          />
          <div
            class="LazyLoad"
            style="height:32px"
          />
          <div
            class="LazyLoad"
            style="height:32px"
          />
          <div
            class="LazyLoad"
            style="height:32px"
          />
          <div
            class="LazyLoad"
            style="height:32px"
          />
          <div
            class="LazyLoad"
            style="height:32px"
          />
          <div
            class="LazyLoad"
            style="height:32px"
          />
          <div
            class="LazyLoad"
            style="height:32px"
          />
          <div
            class="LazyLoad"
            style="height:32px"
          />
          <div
            class="LazyLoad"
            style="height:32px"
          />
        </ul>
        <div
          class="ant-transfer-list-body-not-found"
        >
          Not Found
        </div>
      </div>
    </div>
    <div
      class="ant-transfer-operation"
    >
      <button
        class="ant-btn ant-btn-primary ant-btn-sm ant-btn-icon-only"
        disabled=""
        type="button"
      >
        <i
          class="anticon anticon-right"
        >
          <svg
            aria-hidden="true"
            class=""
            data-icon="right"
            fill="currentColor"
            height="1em"
            viewBox="64 64 896 896"
            width="1em"
          >
            <path
              d="M765.7 486.8L314.9 134.7A7.97 7.97 0 0 0 302 141v77.3c0 4.9 2.3 9.6 6.1 12.6l360 281.1-360 281.1c-3.9 3-6.1 7.7-6.1 12.6V883c0 6.7 7.7 10.4 12.9 6.3l450.8-352.1a31.96 31.96 0 0 0 0-50.4z"
            />
          </svg>
        </i>
      </button>
      <button
        class="ant-btn ant-btn-primary ant-btn-sm ant-btn-icon-only"
        disabled=""
        type="button"
      >
        <i
          class="anticon anticon-left"
        >
          <svg
            aria-hidden="true"
            class=""
            data-icon="left"
            fill="currentColor"
            height="1em"
            viewBox="64 64 896 896"
            width="1em"
          >
            <path
              d="M724 218.3V141c0-6.7-7.7-10.4-12.9-6.3L260.3 486.8a31.86 31.86 0 0 0 0 50.3l450.8 352.1c5.3 4.1 12.9.4 12.9-6.3v-77.3c0-4.9-2.3-9.6-6.1-12.6l-360-281 360-281.1c3.8-3 6.1-7.7 6.1-12.6z"
            />
          </svg>
        </i>
      </button>
    </div>
    <div
      class="ant-transfer-list"
    >
      <div
        class="ant-transfer-list-header"
      >
        <label
          class="ant-checkbox-wrapper"
        >
          <span
            class="ant-checkbox"
          >
            <input
              class="ant-checkbox-input"
              type="checkbox"
            />
            <span
              class="ant-checkbox-inner"
            />
          </span>
        </label>
        <span
          class="ant-transfer-list-header-selected"
        >
          <span>
            6 items
          </span>
          <span
            class="ant-transfer-list-header-title"
          >
            Target
          </span>
        </span>
      </div>
      <div
        class="ant-transfer-list-body"
      >
        <ul
          class="ant-transfer-list-content"
        >
          <div
            class="LazyLoad"
            style="height:32px"
          />
          <div
            class="LazyLoad"
            style="height:32px"
          />
          <div
            class="LazyLoad"
            style="height:32px"
          />
          <div
            class="LazyLoad"
            style="height:32px"
          />
          <div
            class="LazyLoad"
            style="height:32px"
          />
          <div
            class="LazyLoad"
            style="height:32px"
          />
        </ul>
        <div
          class="ant-transfer-list-body-not-found"
        >
          Not Found
        </div>
      </div>
    </div>
  </div>
  <button
    aria-checked="false"
    class="ant-switch"
    role="switch"
    type="button"
  >
    <span
      class="ant-switch-inner"
    >
      disabled
    </span>
  </button>
</div>
`;

exports[`renders ./components/transfer/demo/custom-item.md correctly 1`] = `
<div
  class="ant-transfer"
>
  <div
    class="ant-transfer-list"
    style="width:300px;height:300px"
  >
    <div
      class="ant-transfer-list-header"
    >
      <label
        class="ant-checkbox-wrapper"
      >
        <span
          class="ant-checkbox"
        >
          <input
            class="ant-checkbox-input"
            type="checkbox"
          />
          <span
            class="ant-checkbox-inner"
          />
        </span>
      </label>
      <span
        class="ant-transfer-list-header-selected"
      >
        <span>
          0 item
        </span>
        <span
          class="ant-transfer-list-header-title"
        />
      </span>
    </div>
    <div
      class="ant-transfer-list-body"
    >
      <ul
        class="ant-transfer-list-content"
      />
      <div
        class="ant-transfer-list-body-not-found"
      >
        Not Found
      </div>
    </div>
  </div>
  <div
    class="ant-transfer-operation"
  >
    <button
      class="ant-btn ant-btn-primary ant-btn-sm ant-btn-icon-only"
      disabled=""
      type="button"
    >
      <i
        class="anticon anticon-right"
      >
        <svg
          aria-hidden="true"
          class=""
          data-icon="right"
          fill="currentColor"
          height="1em"
          viewBox="64 64 896 896"
          width="1em"
        >
          <path
            d="M765.7 486.8L314.9 134.7A7.97 7.97 0 0 0 302 141v77.3c0 4.9 2.3 9.6 6.1 12.6l360 281.1-360 281.1c-3.9 3-6.1 7.7-6.1 12.6V883c0 6.7 7.7 10.4 12.9 6.3l450.8-352.1a31.96 31.96 0 0 0 0-50.4z"
          />
        </svg>
      </i>
    </button>
    <button
      class="ant-btn ant-btn-primary ant-btn-sm ant-btn-icon-only"
      disabled=""
      type="button"
    >
      <i
        class="anticon anticon-left"
      >
        <svg
          aria-hidden="true"
          class=""
          data-icon="left"
          fill="currentColor"
          height="1em"
          viewBox="64 64 896 896"
          width="1em"
        >
          <path
            d="M724 218.3V141c0-6.7-7.7-10.4-12.9-6.3L260.3 486.8a31.86 31.86 0 0 0 0 50.3l450.8 352.1c5.3 4.1 12.9.4 12.9-6.3v-77.3c0-4.9-2.3-9.6-6.1-12.6l-360-281 360-281.1c3.8-3 6.1-7.7 6.1-12.6z"
          />
        </svg>
      </i>
    </button>
  </div>
  <div
    class="ant-transfer-list"
    style="width:300px;height:300px"
  >
    <div
      class="ant-transfer-list-header"
    >
      <label
        class="ant-checkbox-wrapper"
      >
        <span
          class="ant-checkbox"
        >
          <input
            class="ant-checkbox-input"
            type="checkbox"
          />
          <span
            class="ant-checkbox-inner"
          />
        </span>
      </label>
      <span
        class="ant-transfer-list-header-selected"
      >
        <span>
          0 item
        </span>
        <span
          class="ant-transfer-list-header-title"
        />
      </span>
    </div>
    <div
      class="ant-transfer-list-body"
    >
      <ul
        class="ant-transfer-list-content"
      />
      <div
        class="ant-transfer-list-body-not-found"
      >
        Not Found
      </div>
    </div>
  </div>
</div>
`;

exports[`renders ./components/transfer/demo/large-data.md correctly 1`] = `
<div
  class="ant-transfer"
>
  <div
    class="ant-transfer-list"
  >
    <div
      class="ant-transfer-list-header"
    >
      <label
        class="ant-checkbox-wrapper"
      >
        <span
          class="ant-checkbox"
        >
          <input
            class="ant-checkbox-input"
            type="checkbox"
          />
          <span
            class="ant-checkbox-inner"
          />
        </span>
      </label>
      <span
        class="ant-transfer-list-header-selected"
      >
        <span>
          0 item
        </span>
        <span
          class="ant-transfer-list-header-title"
        />
      </span>
    </div>
    <div
      class="ant-transfer-list-body"
    >
      <ul
        class="ant-transfer-list-content"
      />
      <div
        class="ant-transfer-list-body-not-found"
      >
        Not Found
      </div>
    </div>
  </div>
  <div
    class="ant-transfer-operation"
  >
    <button
      class="ant-btn ant-btn-primary ant-btn-sm ant-btn-icon-only"
      disabled=""
      type="button"
    >
      <i
        class="anticon anticon-right"
      >
        <svg
          aria-hidden="true"
          class=""
          data-icon="right"
          fill="currentColor"
          height="1em"
          viewBox="64 64 896 896"
          width="1em"
        >
          <path
            d="M765.7 486.8L314.9 134.7A7.97 7.97 0 0 0 302 141v77.3c0 4.9 2.3 9.6 6.1 12.6l360 281.1-360 281.1c-3.9 3-6.1 7.7-6.1 12.6V883c0 6.7 7.7 10.4 12.9 6.3l450.8-352.1a31.96 31.96 0 0 0 0-50.4z"
          />
        </svg>
      </i>
    </button>
    <button
      class="ant-btn ant-btn-primary ant-btn-sm ant-btn-icon-only"
      disabled=""
      type="button"
    >
      <i
        class="anticon anticon-left"
      >
        <svg
          aria-hidden="true"
          class=""
          data-icon="left"
          fill="currentColor"
          height="1em"
          viewBox="64 64 896 896"
          width="1em"
        >
          <path
            d="M724 218.3V141c0-6.7-7.7-10.4-12.9-6.3L260.3 486.8a31.86 31.86 0 0 0 0 50.3l450.8 352.1c5.3 4.1 12.9.4 12.9-6.3v-77.3c0-4.9-2.3-9.6-6.1-12.6l-360-281 360-281.1c3.8-3 6.1-7.7 6.1-12.6z"
          />
        </svg>
      </i>
    </button>
  </div>
  <div
    class="ant-transfer-list"
  >
    <div
      class="ant-transfer-list-header"
    >
      <label
        class="ant-checkbox-wrapper"
      >
        <span
          class="ant-checkbox"
        >
          <input
            class="ant-checkbox-input"
            type="checkbox"
          />
          <span
            class="ant-checkbox-inner"
          />
        </span>
      </label>
      <span
        class="ant-transfer-list-header-selected"
      >
        <span>
          0 item
        </span>
        <span
          class="ant-transfer-list-header-title"
        />
      </span>
    </div>
    <div
      class="ant-transfer-list-body"
    >
      <ul
        class="ant-transfer-list-content"
      />
      <div
        class="ant-transfer-list-body-not-found"
      >
        Not Found
      </div>
    </div>
  </div>
</div>
`;

exports[`renders ./components/transfer/demo/search.md correctly 1`] = `
<div
  class="ant-transfer"
>
  <div
    class="ant-transfer-list"
  >
    <div
      class="ant-transfer-list-header"
    >
      <label
        class="ant-checkbox-wrapper"
      >
        <span
          class="ant-checkbox"
        >
          <input
            class="ant-checkbox-input"
            type="checkbox"
          />
          <span
            class="ant-checkbox-inner"
          />
        </span>
      </label>
      <span
        class="ant-transfer-list-header-selected"
      >
        <span>
          0 item
        </span>
        <span
          class="ant-transfer-list-header-title"
        />
      </span>
    </div>
    <div
      class="ant-transfer-list-body ant-transfer-list-body-with-search"
    >
      <div
        class="ant-transfer-list-body-search-wrapper"
      >
        <div>
          <input
            class="ant-input ant-transfer-list-search"
            placeholder="Search here"
            type="text"
            value=""
          />
          <span
            class="ant-transfer-list-search-action"
          >
            <i
              class="anticon anticon-search"
            >
              <svg
                aria-hidden="true"
                class=""
                data-icon="search"
                fill="currentColor"
                height="1em"
                viewBox="64 64 896 896"
                width="1em"
              >
                <path
                  d="M909.6 854.5L649.9 594.8C690.2 542.7 712 479 712 412c0-80.2-31.3-155.4-87.9-212.1-56.6-56.7-132-87.9-212.1-87.9s-155.5 31.3-212.1 87.9C143.2 256.5 112 331.8 112 412c0 80.1 31.3 155.5 87.9 212.1C256.5 680.8 331.8 712 412 712c67 0 130.6-21.8 182.7-62l259.7 259.6a8.2 8.2 0 0 0 11.6 0l43.6-43.5a8.2 8.2 0 0 0 0-11.6zM570.4 570.4C528 612.7 471.8 636 412 636s-116-23.3-158.4-65.6C211.3 528 188 471.8 188 412s23.3-116.1 65.6-158.4C296 211.3 352.2 188 412 188s116.1 23.2 158.4 65.6S636 352.2 636 412s-23.3 116.1-65.6 158.4z"
                />
              </svg>
            </i>
          </span>
        </div>
      </div>
      <ul
        class="ant-transfer-list-content"
      />
      <div
        class="ant-transfer-list-body-not-found"
      >
        Not Found
      </div>
    </div>
  </div>
  <div
    class="ant-transfer-operation"
  >
    <button
      class="ant-btn ant-btn-primary ant-btn-sm ant-btn-icon-only"
      disabled=""
      type="button"
    >
      <i
        class="anticon anticon-right"
      >
        <svg
          aria-hidden="true"
          class=""
          data-icon="right"
          fill="currentColor"
          height="1em"
          viewBox="64 64 896 896"
          width="1em"
        >
          <path
            d="M765.7 486.8L314.9 134.7A7.97 7.97 0 0 0 302 141v77.3c0 4.9 2.3 9.6 6.1 12.6l360 281.1-360 281.1c-3.9 3-6.1 7.7-6.1 12.6V883c0 6.7 7.7 10.4 12.9 6.3l450.8-352.1a31.96 31.96 0 0 0 0-50.4z"
          />
        </svg>
      </i>
    </button>
    <button
      class="ant-btn ant-btn-primary ant-btn-sm ant-btn-icon-only"
      disabled=""
      type="button"
    >
      <i
        class="anticon anticon-left"
      >
        <svg
          aria-hidden="true"
          class=""
          data-icon="left"
          fill="currentColor"
          height="1em"
          viewBox="64 64 896 896"
          width="1em"
        >
          <path
            d="M724 218.3V141c0-6.7-7.7-10.4-12.9-6.3L260.3 486.8a31.86 31.86 0 0 0 0 50.3l450.8 352.1c5.3 4.1 12.9.4 12.9-6.3v-77.3c0-4.9-2.3-9.6-6.1-12.6l-360-281 360-281.1c3.8-3 6.1-7.7 6.1-12.6z"
          />
        </svg>
      </i>
    </button>
  </div>
  <div
    class="ant-transfer-list"
  >
    <div
      class="ant-transfer-list-header"
    >
      <label
        class="ant-checkbox-wrapper"
      >
        <span
          class="ant-checkbox"
        >
          <input
            class="ant-checkbox-input"
            type="checkbox"
          />
          <span
            class="ant-checkbox-inner"
          />
        </span>
      </label>
      <span
        class="ant-transfer-list-header-selected"
      >
        <span>
          0 item
        </span>
        <span
          class="ant-transfer-list-header-title"
        />
      </span>
    </div>
    <div
      class="ant-transfer-list-body ant-transfer-list-body-with-search"
    >
      <div
        class="ant-transfer-list-body-search-wrapper"
      >
        <div>
          <input
            class="ant-input ant-transfer-list-search"
            placeholder="Search here"
            type="text"
            value=""
          />
          <span
            class="ant-transfer-list-search-action"
          >
            <i
              class="anticon anticon-search"
            >
              <svg
                aria-hidden="true"
                class=""
                data-icon="search"
                fill="currentColor"
                height="1em"
                viewBox="64 64 896 896"
                width="1em"
              >
                <path
                  d="M909.6 854.5L649.9 594.8C690.2 542.7 712 479 712 412c0-80.2-31.3-155.4-87.9-212.1-56.6-56.7-132-87.9-212.1-87.9s-155.5 31.3-212.1 87.9C143.2 256.5 112 331.8 112 412c0 80.1 31.3 155.5 87.9 212.1C256.5 680.8 331.8 712 412 712c67 0 130.6-21.8 182.7-62l259.7 259.6a8.2 8.2 0 0 0 11.6 0l43.6-43.5a8.2 8.2 0 0 0 0-11.6zM570.4 570.4C528 612.7 471.8 636 412 636s-116-23.3-158.4-65.6C211.3 528 188 471.8 188 412s23.3-116.1 65.6-158.4C296 211.3 352.2 188 412 188s116.1 23.2 158.4 65.6S636 352.2 636 412s-23.3 116.1-65.6 158.4z"
                />
              </svg>
            </i>
          </span>
        </div>
      </div>
      <ul
        class="ant-transfer-list-content"
      />
      <div
        class="ant-transfer-list-body-not-found"
      >
        Not Found
      </div>
    </div>
  </div>
</div>
`;
