// Jest Snapshot v1, https://goo.gl/fbAQLP

exports[`Table.pagination renders pagination correctly 1`] = `
<div
  class="ant-table-wrapper"
>
  <div
    class="ant-spin-nested-loading"
  >
    <div
      class="ant-spin-container"
    >
      <div
        class="ant-table ant-table-default ant-table-scroll-position-left"
      >
        <div
          class="ant-table-content"
        >
          <div
            class="ant-table-body"
          >
            <table
              class=""
            >
              <colgroup>
                <col />
              </colgroup>
              <thead
                class="ant-table-thead"
              >
                <tr>
                  <th
                    class=""
                  >
                    <div>
                      Name
                    </div>
                  </th>
                </tr>
              </thead>
              <tbody
                class="ant-table-tbody"
              >
                <tr
                  class="ant-table-row ant-table-row-level-0"
                  data-row-key="0"
                >
                  <td
                    class=""
                  >
                    <span
                      class="ant-table-row-indent indent-level-0"
                      style="padding-left:0px"
                    />
                    Jack
                  </td>
                </tr>
                <tr
                  class="ant-table-row ant-table-row-level-0"
                  data-row-key="1"
                >
                  <td
                    class=""
                  >
                    <span
                      class="ant-table-row-indent indent-level-0"
                      style="padding-left:0px"
                    />
                    Lucy
                  </td>
                </tr>
              </tbody>
            </table>
          </div>
        </div>
      </div>
      <ul
        class="ant-pagination my-page ant-table-pagination"
        unselectable="unselectable"
      >
        <li
          aria-disabled="true"
          class="ant-pagination-disabled ant-pagination-prev"
          title="Previous Page"
        >
          <a
            class="ant-pagination-item-link"
          >
            <i
              class="anticon anticon-left"
            >
              <svg
                aria-hidden="true"
                class=""
                data-icon="left"
                fill="currentColor"
                height="1em"
                viewBox="64 64 896 896"
                width="1em"
              >
                <path
                  d="M724 218.3V141c0-6.7-7.7-10.4-12.9-6.3L260.3 486.8a31.86 31.86 0 0 0 0 50.3l450.8 352.1c5.3 4.1 12.9.4 12.9-6.3v-77.3c0-4.9-2.3-9.6-6.1-12.6l-360-281 360-281.1c3.8-3 6.1-7.7 6.1-12.6z"
                />
              </svg>
            </i>
          </a>
        </li>
        <li
          class="ant-pagination-item ant-pagination-item-1 ant-pagination-item-active"
          tabindex="0"
          title="1"
        >
          <a>
            1
          </a>
        </li>
        <li
          class="ant-pagination-item ant-pagination-item-2"
          tabindex="0"
          title="2"
        >
          <a>
            2
          </a>
        </li>
        <li
          aria-disabled="false"
          class=" ant-pagination-next"
          tabindex="0"
          title="Next Page"
        >
          <a
            class="ant-pagination-item-link"
          >
            <i
              class="anticon anticon-right"
            >
              <svg
                aria-hidden="true"
                class=""
                data-icon="right"
                fill="currentColor"
                height="1em"
                viewBox="64 64 896 896"
                width="1em"
              >
                <path
                  d="M765.7 486.8L314.9 134.7A7.97 7.97 0 0 0 302 141v77.3c0 4.9 2.3 9.6 6.1 12.6l360 281.1-360 281.1c-3.9 3-6.1 7.7-6.1 12.6V883c0 6.7 7.7 10.4 12.9 6.3l450.8-352.1a31.96 31.96 0 0 0 0-50.4z"
                />
              </svg>
            </i>
          </a>
        </li>
      </ul>
    </div>
  </div>
</div>
`;
