// Jest Snapshot v1, https://goo.gl/fbAQLP

exports[`renders ./components/upload/demo/avatar.md correctly 1`] = `
<span
  class="avatar-uploader"
>
  <div
    class="ant-upload ant-upload-select ant-upload-select-picture-card"
    style="display:"
  />
</span>
`;

exports[`renders ./components/upload/demo/basic.md correctly 1`] = `
<span
  class=""
>
  <div
    class="ant-upload ant-upload-select ant-upload-select-text"
    style="display:"
  />
  <div
    class="ant-upload-list ant-upload-list-text"
  />
</span>
`;

exports[`renders ./components/upload/demo/defaultFileList.md correctly 1`] = `
<span
  class=""
>
  <div
    class="ant-upload ant-upload-select ant-upload-select-text"
    style="display:"
  />
  <div
    class="ant-upload-list ant-upload-list-text"
  >
    <div
      class="ant-upload-list-item ant-upload-list-item-done"
    >
      <div
        class="ant-upload-list-item-info"
      >
        <span>
          <i
            class="anticon anticon-paper-clip"
          >
            <svg
              aria-hidden="true"
              class=""
              data-icon="paper-clip"
              fill="currentColor"
              height="1em"
              viewBox="64 64 896 896"
              width="1em"
            >
              <path
                d="M779.3 196.6c-94.2-94.2-247.6-94.2-341.7 0l-261 260.8c-1.7 1.7-2.6 4-2.6 6.4s.9 4.7 2.6 6.4l36.9 36.9a9 9 0 0 0 12.7 0l261-260.8c32.4-32.4 75.5-50.2 121.3-50.2s88.9 17.8 121.2 50.2c32.4 32.4 50.2 75.5 50.2 121.2 0 45.8-17.8 88.8-50.2 121.2l-266 265.9-43.1 43.1c-40.3 40.3-105.8 40.3-146.1 0-19.5-19.5-30.2-45.4-30.2-73s10.7-53.5 30.2-73l263.9-263.8c6.7-6.6 15.5-10.3 24.9-10.3h.1c9.4 0 18.1 3.7 24.7 10.3 6.7 6.7 10.3 15.5 10.3 24.9 0 9.3-3.7 18.1-10.3 24.7L372.4 653c-1.7 1.7-2.6 4-2.6 6.4s.9 4.7 2.6 6.4l36.9 36.9a9 9 0 0 0 12.7 0l215.6-215.6c19.9-19.9 30.8-46.3 30.8-74.4s-11-54.6-30.8-74.4c-41.1-41.1-107.9-41-149 0L463 364 224.8 602.1A172.22 172.22 0 0 0 174 724.8c0 46.3 18.1 89.8 50.8 122.5 33.9 33.8 78.3 50.7 122.7 50.7 44.4 0 88.8-16.9 122.6-50.7l309.2-309C824.8 492.7 850 432 850 367.5c.1-64.6-25.1-125.3-70.7-170.9z"
              />
            </svg>
          </i>
          <a
            class="ant-upload-list-item-name"
            href="http://www.baidu.com/xxx.png"
            rel="noopener noreferrer"
            target="_blank"
            title="xxx.png"
          >
            xxx.png
          </a>
        </span>
      </div>
      <i
        class="anticon anticon-close"
        title="Remove file"
      >
        <svg
          aria-hidden="true"
          class=""
          data-icon="close"
          fill="currentColor"
          height="1em"
          viewBox="64 64 896 896"
          width="1em"
        >
          <path
            d="M563.8 512l262.5-312.9c4.4-5.2.7-13.1-6.1-13.1h-79.8c-4.7 0-9.2 2.1-12.3 5.7L511.6 449.8 295.1 191.7c-3-3.6-7.5-5.7-12.3-5.7H203c-6.8 0-10.5 7.9-6.1 13.1L459.4 512 196.9 824.9A7.95 7.95 0 0 0 203 838h79.8c4.7 0 9.2-2.1 12.3-5.7l216.5-258.1 216.5 258.1c3 3.6 7.5 5.7 12.3 5.7h79.8c6.8 0 10.5-7.9 6.1-13.1L563.8 512z"
          />
        </svg>
      </i>
    </div>
    <div
      class="ant-upload-list-item ant-upload-list-item-done"
    >
      <div
        class="ant-upload-list-item-info"
      >
        <span>
          <i
            class="anticon anticon-paper-clip"
          >
            <svg
              aria-hidden="true"
              class=""
              data-icon="paper-clip"
              fill="currentColor"
              height="1em"
              viewBox="64 64 896 896"
              width="1em"
            >
              <path
                d="M779.3 196.6c-94.2-94.2-247.6-94.2-341.7 0l-261 260.8c-1.7 1.7-2.6 4-2.6 6.4s.9 4.7 2.6 6.4l36.9 36.9a9 9 0 0 0 12.7 0l261-260.8c32.4-32.4 75.5-50.2 121.3-50.2s88.9 17.8 121.2 50.2c32.4 32.4 50.2 75.5 50.2 121.2 0 45.8-17.8 88.8-50.2 121.2l-266 265.9-43.1 43.1c-40.3 40.3-105.8 40.3-146.1 0-19.5-19.5-30.2-45.4-30.2-73s10.7-53.5 30.2-73l263.9-263.8c6.7-6.6 15.5-10.3 24.9-10.3h.1c9.4 0 18.1 3.7 24.7 10.3 6.7 6.7 10.3 15.5 10.3 24.9 0 9.3-3.7 18.1-10.3 24.7L372.4 653c-1.7 1.7-2.6 4-2.6 6.4s.9 4.7 2.6 6.4l36.9 36.9a9 9 0 0 0 12.7 0l215.6-215.6c19.9-19.9 30.8-46.3 30.8-74.4s-11-54.6-30.8-74.4c-41.1-41.1-107.9-41-149 0L463 364 224.8 602.1A172.22 172.22 0 0 0 174 724.8c0 46.3 18.1 89.8 50.8 122.5 33.9 33.8 78.3 50.7 122.7 50.7 44.4 0 88.8-16.9 122.6-50.7l309.2-309C824.8 492.7 850 432 850 367.5c.1-64.6-25.1-125.3-70.7-170.9z"
              />
            </svg>
          </i>
          <a
            class="ant-upload-list-item-name"
            href="http://www.baidu.com/yyy.png"
            rel="noopener noreferrer"
            target="_blank"
            title="yyy.png"
          >
            yyy.png
          </a>
        </span>
      </div>
      <i
        class="anticon anticon-close"
        title="Remove file"
      >
        <svg
          aria-hidden="true"
          class=""
          data-icon="close"
          fill="currentColor"
          height="1em"
          viewBox="64 64 896 896"
          width="1em"
        >
          <path
            d="M563.8 512l262.5-312.9c4.4-5.2.7-13.1-6.1-13.1h-79.8c-4.7 0-9.2 2.1-12.3 5.7L511.6 449.8 295.1 191.7c-3-3.6-7.5-5.7-12.3-5.7H203c-6.8 0-10.5 7.9-6.1 13.1L459.4 512 196.9 824.9A7.95 7.95 0 0 0 203 838h79.8c4.7 0 9.2-2.1 12.3-5.7l216.5-258.1 216.5 258.1c3 3.6 7.5 5.7 12.3 5.7h79.8c6.8 0 10.5-7.9 6.1-13.1L563.8 512z"
          />
        </svg>
      </i>
    </div>
    <div
      class="ant-upload-list-item ant-upload-list-item-error"
    >
      <div
        class="ant-upload-list-item-info"
      >
        <span>
          <i
            class="anticon anticon-paper-clip"
          >
            <svg
              aria-hidden="true"
              class=""
              data-icon="paper-clip"
              fill="currentColor"
              height="1em"
              viewBox="64 64 896 896"
              width="1em"
            >
              <path
                d="M779.3 196.6c-94.2-94.2-247.6-94.2-341.7 0l-261 260.8c-1.7 1.7-2.6 4-2.6 6.4s.9 4.7 2.6 6.4l36.9 36.9a9 9 0 0 0 12.7 0l261-260.8c32.4-32.4 75.5-50.2 121.3-50.2s88.9 17.8 121.2 50.2c32.4 32.4 50.2 75.5 50.2 121.2 0 45.8-17.8 88.8-50.2 121.2l-266 265.9-43.1 43.1c-40.3 40.3-105.8 40.3-146.1 0-19.5-19.5-30.2-45.4-30.2-73s10.7-53.5 30.2-73l263.9-263.8c6.7-6.6 15.5-10.3 24.9-10.3h.1c9.4 0 18.1 3.7 24.7 10.3 6.7 6.7 10.3 15.5 10.3 24.9 0 9.3-3.7 18.1-10.3 24.7L372.4 653c-1.7 1.7-2.6 4-2.6 6.4s.9 4.7 2.6 6.4l36.9 36.9a9 9 0 0 0 12.7 0l215.6-215.6c19.9-19.9 30.8-46.3 30.8-74.4s-11-54.6-30.8-74.4c-41.1-41.1-107.9-41-149 0L463 364 224.8 602.1A172.22 172.22 0 0 0 174 724.8c0 46.3 18.1 89.8 50.8 122.5 33.9 33.8 78.3 50.7 122.7 50.7 44.4 0 88.8-16.9 122.6-50.7l309.2-309C824.8 492.7 850 432 850 367.5c.1-64.6-25.1-125.3-70.7-170.9z"
              />
            </svg>
          </i>
          <a
            class="ant-upload-list-item-name"
            href="http://www.baidu.com/zzz.png"
            rel="noopener noreferrer"
            target="_blank"
            title="zzz.png"
          >
            zzz.png
          </a>
        </span>
      </div>
      <i
        class="anticon anticon-close"
        title="Remove file"
      >
        <svg
          aria-hidden="true"
          class=""
          data-icon="close"
          fill="currentColor"
          height="1em"
          viewBox="64 64 896 896"
          width="1em"
        >
          <path
            d="M563.8 512l262.5-312.9c4.4-5.2.7-13.1-6.1-13.1h-79.8c-4.7 0-9.2 2.1-12.3 5.7L511.6 449.8 295.1 191.7c-3-3.6-7.5-5.7-12.3-5.7H203c-6.8 0-10.5 7.9-6.1 13.1L459.4 512 196.9 824.9A7.95 7.95 0 0 0 203 838h79.8c4.7 0 9.2-2.1 12.3-5.7l216.5-258.1 216.5 258.1c3 3.6 7.5 5.7 12.3 5.7h79.8c6.8 0 10.5-7.9 6.1-13.1L563.8 512z"
          />
        </svg>
      </i>
    </div>
  </div>
</span>
`;

exports[`renders ./components/upload/demo/directory.md correctly 1`] = `
<span
  class=""
>
  <div
    class="ant-upload ant-upload-select ant-upload-select-text"
    style="display:"
  />
  <div
    class="ant-upload-list ant-upload-list-text"
  />
</span>
`;

exports[`renders ./components/upload/demo/drag.md correctly 1`] = `
<span
  class=""
>
  <div
    class="ant-upload ant-upload-drag"
  />
  <div
    class="ant-upload-list ant-upload-list-text"
  />
</span>
`;

exports[`renders ./components/upload/demo/fileList.md correctly 1`] = `
<span
  class=""
>
  <div
    class="ant-upload ant-upload-select ant-upload-select-text"
    style="display:"
  />
  <div
    class="ant-upload-list ant-upload-list-text"
  >
    <div
      class="ant-upload-list-item ant-upload-list-item-done"
    >
      <div
        class="ant-upload-list-item-info"
      >
        <span>
          <i
            class="anticon anticon-paper-clip"
          >
            <svg
              aria-hidden="true"
              class=""
              data-icon="paper-clip"
              fill="currentColor"
              height="1em"
              viewBox="64 64 896 896"
              width="1em"
            >
              <path
                d="M779.3 196.6c-94.2-94.2-247.6-94.2-341.7 0l-261 260.8c-1.7 1.7-2.6 4-2.6 6.4s.9 4.7 2.6 6.4l36.9 36.9a9 9 0 0 0 12.7 0l261-260.8c32.4-32.4 75.5-50.2 121.3-50.2s88.9 17.8 121.2 50.2c32.4 32.4 50.2 75.5 50.2 121.2 0 45.8-17.8 88.8-50.2 121.2l-266 265.9-43.1 43.1c-40.3 40.3-105.8 40.3-146.1 0-19.5-19.5-30.2-45.4-30.2-73s10.7-53.5 30.2-73l263.9-263.8c6.7-6.6 15.5-10.3 24.9-10.3h.1c9.4 0 18.1 3.7 24.7 10.3 6.7 6.7 10.3 15.5 10.3 24.9 0 9.3-3.7 18.1-10.3 24.7L372.4 653c-1.7 1.7-2.6 4-2.6 6.4s.9 4.7 2.6 6.4l36.9 36.9a9 9 0 0 0 12.7 0l215.6-215.6c19.9-19.9 30.8-46.3 30.8-74.4s-11-54.6-30.8-74.4c-41.1-41.1-107.9-41-149 0L463 364 224.8 602.1A172.22 172.22 0 0 0 174 724.8c0 46.3 18.1 89.8 50.8 122.5 33.9 33.8 78.3 50.7 122.7 50.7 44.4 0 88.8-16.9 122.6-50.7l309.2-309C824.8 492.7 850 432 850 367.5c.1-64.6-25.1-125.3-70.7-170.9z"
              />
            </svg>
          </i>
          <a
            class="ant-upload-list-item-name"
            href="http://www.baidu.com/xxx.png"
            rel="noopener noreferrer"
            target="_blank"
            title="xxx.png"
          >
            xxx.png
          </a>
        </span>
      </div>
      <i
        class="anticon anticon-close"
        title="Remove file"
      >
        <svg
          aria-hidden="true"
          class=""
          data-icon="close"
          fill="currentColor"
          height="1em"
          viewBox="64 64 896 896"
          width="1em"
        >
          <path
            d="M563.8 512l262.5-312.9c4.4-5.2.7-13.1-6.1-13.1h-79.8c-4.7 0-9.2 2.1-12.3 5.7L511.6 449.8 295.1 191.7c-3-3.6-7.5-5.7-12.3-5.7H203c-6.8 0-10.5 7.9-6.1 13.1L459.4 512 196.9 824.9A7.95 7.95 0 0 0 203 838h79.8c4.7 0 9.2-2.1 12.3-5.7l216.5-258.1 216.5 258.1c3 3.6 7.5 5.7 12.3 5.7h79.8c6.8 0 10.5-7.9 6.1-13.1L563.8 512z"
          />
        </svg>
      </i>
    </div>
  </div>
</span>
`;

exports[`renders ./components/upload/demo/picture-card.md correctly 1`] = `
<div
  class="clearfix"
>
  <span
    class=""
  >
    <div
      class="ant-upload-list ant-upload-list-picture-card"
    >
      <div
        class="ant-upload-list-item ant-upload-list-item-done"
      >
        <div
          class="ant-upload-list-item-info"
        >
          <span>
            <a
              class="ant-upload-list-item-thumbnail"
              href="https://zos.alipayobjects.com/rmsportal/jkjgkEfvpUPVyRjUImniVslZfWPnJuuZ.png"
              rel="noopener noreferrer"
              target="_blank"
            >
              <img
                alt="xxx.png"
                src="https://zos.alipayobjects.com/rmsportal/jkjgkEfvpUPVyRjUImniVslZfWPnJuuZ.png"
              />
            </a>
            <a
              class="ant-upload-list-item-name"
              href="https://zos.alipayobjects.com/rmsportal/jkjgkEfvpUPVyRjUImniVslZfWPnJuuZ.png"
              rel="noopener noreferrer"
              target="_blank"
              title="xxx.png"
            >
              xxx.png
            </a>
          </span>
        </div>
        <span
          class="ant-upload-list-item-actions"
        >
          <a
            href="https://zos.alipayobjects.com/rmsportal/jkjgkEfvpUPVyRjUImniVslZfWPnJuuZ.png"
            rel="noopener noreferrer"
            target="_blank"
            title="Preview file"
          >
            <i
              class="anticon anticon-eye-o"
            >
              <svg
                aria-hidden="true"
                class=""
                data-icon="eye"
                fill="currentColor"
                height="1em"
                viewBox="64 64 896 896"
                width="1em"
              >
                <path
                  d="M942.2 486.2C847.4 286.5 704.1 186 512 186c-192.2 0-335.4 100.5-430.2 300.3a60.3 60.3 0 0 0 0 51.5C176.6 737.5 319.9 838 512 838c192.2 0 335.4-100.5 430.2-300.3 7.7-16.2 7.7-35 0-51.5zM512 766c-161.3 0-279.4-81.8-362.7-254C232.6 339.8 350.7 258 512 258c161.3 0 279.4 81.8 362.7 254C791.5 684.2 673.4 766 512 766zm-4-430c-97.2 0-176 78.8-176 176s78.8 176 176 176 176-78.8 176-176-78.8-176-176-176zm0 288c-61.9 0-112-50.1-112-112s50.1-112 112-112 112 50.1 112 112-50.1 112-112 112z"
                />
              </svg>
            </i>
          </a>
          <i
            class="anticon anticon-delete"
            title="Remove file"
          >
            <svg
              aria-hidden="true"
              class=""
              data-icon="delete"
              fill="currentColor"
              height="1em"
              viewBox="64 64 896 896"
              width="1em"
            >
              <path
                d="M360 184h-8c4.4 0 8-3.6 8-8v8h304v-8c0 4.4 3.6 8 8 8h-8v72h72v-80c0-35.3-28.7-64-64-64H352c-35.3 0-64 28.7-64 64v80h72v-72zm504 72H160c-17.7 0-32 14.3-32 32v32c0 4.4 3.6 8 8 8h60.4l24.7 523c1.6 34.1 29.8 61 63.9 61h454c34.2 0 62.3-26.8 63.9-61l24.7-523H888c4.4 0 8-3.6 8-8v-32c0-17.7-14.3-32-32-32zM731.3 840H292.7l-24.2-512h487l-24.2 512z"
              />
            </svg>
          </i>
        </span>
      </div>
    </div>
    <div
      class="ant-upload ant-upload-select ant-upload-select-picture-card"
      style="display:"
    />
  </span>
</div>
`;

exports[`renders ./components/upload/demo/picture-style.md correctly 1`] = `
<div>
  <span
    class=""
  >
    <div
      class="ant-upload ant-upload-select ant-upload-select-picture"
      style="display:"
    />
    <div
      class="ant-upload-list ant-upload-list-picture"
    >
      <div
        class="ant-upload-list-item ant-upload-list-item-done"
      >
        <div
          class="ant-upload-list-item-info"
        >
          <span>
            <a
              class="ant-upload-list-item-thumbnail"
              href="https://zos.alipayobjects.com/rmsportal/jkjgkEfvpUPVyRjUImniVslZfWPnJuuZ.png"
              rel="noopener noreferrer"
              target="_blank"
            >
              <img
                alt="xxx.png"
                src="https://zos.alipayobjects.com/rmsportal/jkjgkEfvpUPVyRjUImniVslZfWPnJuuZ.png"
              />
            </a>
            <a
              class="ant-upload-list-item-name"
              href="https://zos.alipayobjects.com/rmsportal/jkjgkEfvpUPVyRjUImniVslZfWPnJuuZ.png"
              rel="noopener noreferrer"
              target="_blank"
              title="xxx.png"
            >
              xxx.png
            </a>
          </span>
        </div>
        <i
          class="anticon anticon-close"
          title="Remove file"
        >
          <svg
            aria-hidden="true"
            class=""
            data-icon="close"
            fill="currentColor"
            height="1em"
            viewBox="64 64 896 896"
            width="1em"
          >
            <path
              d="M563.8 512l262.5-312.9c4.4-5.2.7-13.1-6.1-13.1h-79.8c-4.7 0-9.2 2.1-12.3 5.7L511.6 449.8 295.1 191.7c-3-3.6-7.5-5.7-12.3-5.7H203c-6.8 0-10.5 7.9-6.1 13.1L459.4 512 196.9 824.9A7.95 7.95 0 0 0 203 838h79.8c4.7 0 9.2-2.1 12.3-5.7l216.5-258.1 216.5 258.1c3 3.6 7.5 5.7 12.3 5.7h79.8c6.8 0 10.5-7.9 6.1-13.1L563.8 512z"
            />
          </svg>
        </i>
      </div>
      <div
        class="ant-upload-list-item ant-upload-list-item-done"
      >
        <div
          class="ant-upload-list-item-info"
        >
          <span>
            <a
              class="ant-upload-list-item-thumbnail"
              href="https://zos.alipayobjects.com/rmsportal/jkjgkEfvpUPVyRjUImniVslZfWPnJuuZ.png"
              rel="noopener noreferrer"
              target="_blank"
            >
              <img
                alt="yyy.png"
                src="https://zos.alipayobjects.com/rmsportal/jkjgkEfvpUPVyRjUImniVslZfWPnJuuZ.png"
              />
            </a>
            <a
              class="ant-upload-list-item-name"
              href="https://zos.alipayobjects.com/rmsportal/jkjgkEfvpUPVyRjUImniVslZfWPnJuuZ.png"
              rel="noopener noreferrer"
              target="_blank"
              title="yyy.png"
            >
              yyy.png
            </a>
          </span>
        </div>
        <i
          class="anticon anticon-close"
          title="Remove file"
        >
          <svg
            aria-hidden="true"
            class=""
            data-icon="close"
            fill="currentColor"
            height="1em"
            viewBox="64 64 896 896"
            width="1em"
          >
            <path
              d="M563.8 512l262.5-312.9c4.4-5.2.7-13.1-6.1-13.1h-79.8c-4.7 0-9.2 2.1-12.3 5.7L511.6 449.8 295.1 191.7c-3-3.6-7.5-5.7-12.3-5.7H203c-6.8 0-10.5 7.9-6.1 13.1L459.4 512 196.9 824.9A7.95 7.95 0 0 0 203 838h79.8c4.7 0 9.2-2.1 12.3-5.7l216.5-258.1 216.5 258.1c3 3.6 7.5 5.7 12.3 5.7h79.8c6.8 0 10.5-7.9 6.1-13.1L563.8 512z"
            />
          </svg>
        </i>
      </div>
    </div>
  </span>
  <br />
  <br />
  <span
    class="upload-list-inline"
  >
    <div
      class="ant-upload ant-upload-select ant-upload-select-picture"
      style="display:"
    />
    <div
      class="ant-upload-list ant-upload-list-picture"
    >
      <div
        class="ant-upload-list-item ant-upload-list-item-done"
      >
        <div
          class="ant-upload-list-item-info"
        >
          <span>
            <a
              class="ant-upload-list-item-thumbnail"
              href="https://zos.alipayobjects.com/rmsportal/jkjgkEfvpUPVyRjUImniVslZfWPnJuuZ.png"
              rel="noopener noreferrer"
              target="_blank"
            >
              <img
                alt="xxx.png"
                src="https://zos.alipayobjects.com/rmsportal/jkjgkEfvpUPVyRjUImniVslZfWPnJuuZ.png"
              />
            </a>
            <a
              class="ant-upload-list-item-name"
              href="https://zos.alipayobjects.com/rmsportal/jkjgkEfvpUPVyRjUImniVslZfWPnJuuZ.png"
              rel="noopener noreferrer"
              target="_blank"
              title="xxx.png"
            >
              xxx.png
            </a>
          </span>
        </div>
        <i
          class="anticon anticon-close"
          title="Remove file"
        >
          <svg
            aria-hidden="true"
            class=""
            data-icon="close"
            fill="currentColor"
            height="1em"
            viewBox="64 64 896 896"
            width="1em"
          >
            <path
              d="M563.8 512l262.5-312.9c4.4-5.2.7-13.1-6.1-13.1h-79.8c-4.7 0-9.2 2.1-12.3 5.7L511.6 449.8 295.1 191.7c-3-3.6-7.5-5.7-12.3-5.7H203c-6.8 0-10.5 7.9-6.1 13.1L459.4 512 196.9 824.9A7.95 7.95 0 0 0 203 838h79.8c4.7 0 9.2-2.1 12.3-5.7l216.5-258.1 216.5 258.1c3 3.6 7.5 5.7 12.3 5.7h79.8c6.8 0 10.5-7.9 6.1-13.1L563.8 512z"
            />
          </svg>
        </i>
      </div>
      <div
        class="ant-upload-list-item ant-upload-list-item-done"
      >
        <div
          class="ant-upload-list-item-info"
        >
          <span>
            <a
              class="ant-upload-list-item-thumbnail"
              href="https://zos.alipayobjects.com/rmsportal/jkjgkEfvpUPVyRjUImniVslZfWPnJuuZ.png"
              rel="noopener noreferrer"
              target="_blank"
            >
              <img
                alt="yyy.png"
                src="https://zos.alipayobjects.com/rmsportal/jkjgkEfvpUPVyRjUImniVslZfWPnJuuZ.png"
              />
            </a>
            <a
              class="ant-upload-list-item-name"
              href="https://zos.alipayobjects.com/rmsportal/jkjgkEfvpUPVyRjUImniVslZfWPnJuuZ.png"
              rel="noopener noreferrer"
              target="_blank"
              title="yyy.png"
            >
              yyy.png
            </a>
          </span>
        </div>
        <i
          class="anticon anticon-close"
          title="Remove file"
        >
          <svg
            aria-hidden="true"
            class=""
            data-icon="close"
            fill="currentColor"
            height="1em"
            viewBox="64 64 896 896"
            width="1em"
          >
            <path
              d="M563.8 512l262.5-312.9c4.4-5.2.7-13.1-6.1-13.1h-79.8c-4.7 0-9.2 2.1-12.3 5.7L511.6 449.8 295.1 191.7c-3-3.6-7.5-5.7-12.3-5.7H203c-6.8 0-10.5 7.9-6.1 13.1L459.4 512 196.9 824.9A7.95 7.95 0 0 0 203 838h79.8c4.7 0 9.2-2.1 12.3-5.7l216.5-258.1 216.5 258.1c3 3.6 7.5 5.7 12.3 5.7h79.8c6.8 0 10.5-7.9 6.1-13.1L563.8 512z"
            />
          </svg>
        </i>
      </div>
    </div>
  </span>
</div>
`;

exports[`renders ./components/upload/demo/upload-manually.md correctly 1`] = `
<div>
  <span
    class=""
  >
    <div
      class="ant-upload ant-upload-select ant-upload-select-text"
      style="display:"
    />
    <div
      class="ant-upload-list ant-upload-list-text"
    />
  </span>
  <button
    class="ant-btn upload-demo-start ant-btn-primary"
    disabled=""
    type="button"
  >
    <span>
      Start Upload
    </span>
  </button>
</div>
`;
